// Vitest Snapshot v1, https://vitest.dev/guide/snapshot.html

exports[`Footer Component > Renders correctly 1`] = `
<div>
  <footer
    aria-label="Seitenfußbereich"
    class="ds-label-03-reg flex w-full flex-row justify-center border-t-2 border-blue-300 leading-snug text-gray-900 print:hidden"
  >
    <div
      class="ds-stack ds-stack-32 sm:ds-stack-40 w-full max-w-6xl px-16 py-40"
    >
      <nav
        aria-label="Schnellübersicht"
        class="grid grid-cols-1 justify-between gap-32 sm:grid-cols-[repeat(3,_minmax(0,_18rem))] sm:grid-rows-2"
      >
        <div
          class="ds-stack ds-stack-8 row-span-2"
        >
          <h2
            class="ds-label-section"
          >
            Unterstützungsangebote Für bund, Länder, Kommunen und EU-Staaten
          </h2>
          <ul
            class="list-unstyled flex flex-col gap-8"
          >
            <li>
              Support:
               
              <a
                class="text-link increase-tap-area"
                href="tel:015140767839"
              >
                <span
                  class="flex items-center"
                >
                  0151/40 76 78 39
                   
                </span>
              </a>
               oder
               
              <a
                class="text-link increase-tap-area"
                href="mailto:digitalcheck@digitalservice.bund.de"
              >
                <span
                  class="flex items-center"
                >
                  digitalcheck@digitalservice.bund.de
                   
                </span>
              </a>
            </li>
            <li>
               
              <a
                class="text-link increase-tap-area"
                data-discover="true"
                href="/unterstuetzung"
              >
                <span
                  class="flex items-center"
                >
                  Alle Unterstützungsangebote
                   
                </span>
              </a>
            </li>
            <li>
               
              <a
                class="text-link increase-tap-area"
                data-discover="true"
                href="/unterstuetzung#angebote"
              >
                <span
                  class="flex items-center"
                >
                  Schulungen
                   
                </span>
              </a>
            </li>
            <li>
               
              <a
                class="text-link increase-tap-area"
                data-discover="true"
                href="/interoperabel/nationale-kontaktstelle"
              >
                <span
                  class="flex items-center"
                >
                  Nationale Kontaktstelle für ein interoperables Europa (2024/903 Art. 17)
                   
                </span>
              </a>
            </li>
          </ul>
        </div>
        <div
          class="ds-stack ds-stack-8 row-span-2"
        >
          <h2
            class="ds-label-section"
          >
            Schritt für Schritt
          </h2>
          <ul
            class="list-unstyled flex flex-col gap-8"
          >
            <li>
               
              <a
                class="text-link increase-tap-area"
                data-discover="true"
                href="/vorpruefung"
              >
                <span
                  class="flex items-center"
                >
                  1. Vorprüfung: Digitalbezug einschätzen
                   
                </span>
              </a>
            </li>
            <li>
               
              <a
                class="text-link increase-tap-area"
                data-discover="true"
                href="/methoden"
              >
                <span
                  class="flex items-center"
                >
                  2. Digitaltauglichkeit der Regelung sicherstellen
                   
                </span>
              </a>
            </li>
            <li>
               
              <a
                class="text-link increase-tap-area"
                data-discover="true"
                href="/dokumentation"
              >
                <span
                  class="flex items-center"
                >
                  3. Dokumentieren der Digitaltauglichkeit
                   
                </span>
              </a>
            </li>
          </ul>
        </div>
        <div
          class="ds-stack ds-stack-8"
        >
          <h2
            class="ds-label-section"
          >
            Grundlagen
          </h2>
          <ul
            class="list-unstyled flex flex-col gap-8"
          >
            <li>
               
              <a
                class="text-link increase-tap-area"
                data-discover="true"
                href="/grundlagen/fuenf-prinzipien"
              >
                <span
                  class="flex items-center"
                >
                  Prinzipien der Digitaltauglichkeit
                   
                </span>
              </a>
            </li>
            <li>
               
              <a
                class="text-link increase-tap-area"
                data-discover="true"
                href="/interoperabel"
              >
                <span
                  class="flex items-center"
                >
                  EU-Interoperabilität
                   
                </span>
              </a>
            </li>
            <li>
               
              <a
                class="text-link increase-tap-area"
                data-discover="true"
                href="/grundlagen/digitaltauglichkeit"
              >
                <span
                  class="flex items-center"
                >
                  Was ist Digitaltauglichkeit?
                   
                </span>
              </a>
            </li>
            <li>
               
              <a
                class="text-link increase-tap-area"
                data-discover="true"
                href="/grundlagen/normenkontrollrat"
              >
                <span
                  class="flex items-center"
                >
                  NKR und Digitalcheck
                   
                </span>
              </a>
            </li>
          </ul>
        </div>
        <div
          class="ds-stack ds-stack-8"
        >
          <h2
            class="ds-label-section"
          >
            Beispiele
          </h2>
          <ul
            class="list-unstyled flex flex-col gap-8"
          >
            <li>
               
              <a
                class="text-link increase-tap-area"
                data-discover="true"
                href="/beispiele/prinzipien"
              >
                <span
                  class="flex items-center"
                >
                  Digitaltauglichkeit im Regelungstext
                   
                </span>
              </a>
            </li>
            <li>
               
              <a
                class="text-link increase-tap-area"
                data-discover="true"
                href="/beispiele/visualisierungen"
              >
                <span
                  class="flex items-center"
                >
                  Visualisierungen
                   
                </span>
              </a>
            </li>
          </ul>
        </div>
      </nav>
      <nav
        aria-label="Sitemap"
      >
        <ul
          class="list-unstyled flex flex-row flex-wrap gap-8"
        >
          <li
            class="after:ml-8 after:inline-block after:content-['•'] last:after:content-['']"
          >
             
            <a
              class="text-link increase-tap-area"
              data-discover="true"
              href="/impressum"
            >
              <span
                class="flex items-center"
              >
                Impressum
                 
              </span>
            </a>
          </li>
          <li
            class="after:ml-8 after:inline-block after:content-['•'] last:after:content-['']"
          >
             
            <a
              class="text-link increase-tap-area"
              data-discover="true"
              href="/datenschutz"
            >
              <span
                class="flex items-center"
              >
                Datenschutzerklärung
                 
              </span>
            </a>
          </li>
          <li
            class="after:ml-8 after:inline-block after:content-['•'] last:after:content-['']"
          >
             
            <a
              class="text-link increase-tap-area"
              data-discover="true"
              href="/barrierefreiheit"
            >
              <span
                class="flex items-center"
              >
                Barrierefreiheit
                 
              </span>
            </a>
          </li>
          <li
            class="after:ml-8 after:inline-block after:content-['•'] last:after:content-['']"
          >
             
            <a
              class="text-link increase-tap-area"
              data-discover="true"
              href="/sitemap"
            >
              <span
                class="flex items-center"
              >
                Sitemap
                 
              </span>
            </a>
          </li>
          <li
            class="after:ml-8 after:inline-block after:content-['•'] last:after:content-['']"
          >
             
            <a
              class="text-link increase-tap-area"
              data-discover="true"
              href="/das-ist-neu"
            >
              <span
                class="flex items-center"
              >
                Das ist neu
                 
              </span>
            </a>
          </li>
          <li
            class="after:ml-8 after:inline-block after:content-['•'] last:after:content-['']"
          >
             
            <a
              aria-describedby="a11y-message--new-window"
              class="text-link increase-tap-area"
              href="https://github.com/digitalservicebund/digitalcheck-dito"
              rel="noreferrer"
              target="_blank"
            >
              <span
                class="flex items-center"
              >
                Open Source Code
                 
                <svg
                  aria-hidden="true"
                  class="ml-2 fill-current"
                  data-testid="OpenInNewIcon"
                  focusable="false"
                  height="1.2em"
                  viewBox="0 0 24 24"
                  width="1.2em"
                  xmlns="http://www.w3.org/2000/svg"
                >
                  <path
                    d="M0 0h24v24H0z"
                    fill="none"
                  />
                  <path
                    d="M19 19H5V5h7V3H5c-1.11 0-2 .9-2 2v14c0 1.1.89 2 2 2h14c1.1 0 2-.9 2-2v-7h-2v7zM14 3v2h3.59l-9.83 9.83 1.41 1.41L19 6.41V10h2V3h-7z"
                  />
                </svg>
              </span>
            </a>
          </li>
        </ul>
      </nav>
      <hr
        class="mt-16 w-full border-t-2 border-blue-300"
      />
      <nav
        aria-label="Externe Verlinkungen"
        class="space-y-40"
      >
        Ein Angebot der
         
        <a
          aria-describedby="a11y-message--new-window"
          class="text-link increase-tap-area"
          href="https://digitalservice.bund.de/"
          rel="noreferrer"
          target="_blank"
        >
          <span
            class="flex items-center"
          >
            DigitalService GmbH des Bundes
             
            <svg
              aria-hidden="true"
              class="ml-2 fill-current"
              data-testid="OpenInNewIcon"
              focusable="false"
              height="1.2em"
              viewBox="0 0 24 24"
              width="1.2em"
              xmlns="http://www.w3.org/2000/svg"
            >
              <path
                d="M0 0h24v24H0z"
                fill="none"
              />
              <path
                d="M19 19H5V5h7V3H5c-1.11 0-2 .9-2 2v14c0 1.1.89 2 2 2h14c1.1 0 2-.9 2-2v-7h-2v7zM14 3v2h3.59l-9.83 9.83 1.41 1.41L19 6.41V10h2V3h-7z"
              />
            </svg>
          </span>
        </a>
        <div
          class="space-y-16 sm:flex sm:flex-row sm:items-center sm:gap-48 sm:space-y-0"
        >
          <img
            alt="Logo des Bundesministerium für Digitales und Staatsmodernisierung"
            src="/logo/bmds-logo.png"
            width="120"
          />
          <div
            class="max-w-2xl space-y-8"
          >
            <h3
              class="ds-label-03-bold"
            >
              Federführung
            </h3>
            <div
              class="ds-stack ds-stack-8"
            >
              <ul
                class="list-unstyled flex flex-col gap-8"
              >
                <li>
                  Der Digitalcheck entsteht im Auftrag des
                   
                  <a
                    aria-describedby="a11y-message--new-window"
                    class="text-link increase-tap-area"
                    href="https://bmds.bund.de/"
                    rel="noreferrer"
                    target="_blank"
                  >
                    <span
                      class="flex items-center"
                    >
                      Bundesministerium für Digitales und Staatsmodernisierung
                       
                      <svg
                        aria-hidden="true"
                        class="ml-2 fill-current"
                        data-testid="OpenInNewIcon"
                        focusable="false"
                        height="1.2em"
                        viewBox="0 0 24 24"
                        width="1.2em"
                        xmlns="http://www.w3.org/2000/svg"
                      >
                        <path
                          d="M0 0h24v24H0z"
                          fill="none"
                        />
                        <path
                          d="M19 19H5V5h7V3H5c-1.11 0-2 .9-2 2v14c0 1.1.89 2 2 2h14c1.1 0 2-.9 2-2v-7h-2v7zM14 3v2h3.59l-9.83 9.83 1.41 1.41L19 6.41V10h2V3h-7z"
                        />
                      </svg>
                    </span>
                  </a>
                </li>
                <li>
                  Mehr über den politischen Auftrag und die Entstehung des Digitalcheck finden Sie auf der
                   
                  <a
                    aria-describedby="a11y-message--new-window"
                    class="text-link increase-tap-area"
                    href="https://www.digitale-verwaltung.de/Webs/DV/DE/transformation/digitalcheck/digitalcheck-node.html"
                    rel="noreferrer"
                    target="_blank"
                  >
                    <span
                      class="flex items-center"
                    >
                      Projektseite
                       
                      <svg
                        aria-hidden="true"
                        class="ml-2 fill-current"
                        data-testid="OpenInNewIcon"
                        focusable="false"
                        height="1.2em"
                        viewBox="0 0 24 24"
                        width="1.2em"
                        xmlns="http://www.w3.org/2000/svg"
                      >
                        <path
                          d="M0 0h24v24H0z"
                          fill="none"
                        />
                        <path
                          d="M19 19H5V5h7V3H5c-1.11 0-2 .9-2 2v14c0 1.1.89 2 2 2h14c1.1 0 2-.9 2-2v-7h-2v7zM14 3v2h3.59l-9.83 9.83 1.41 1.41L19 6.41V10h2V3h-7z"
                        />
                      </svg>
                    </span>
                  </a>
                   
                  des Bundesministeriums für Digitales und Staatsmodernisierung.
                </li>
              </ul>
            </div>
          </div>
        </div>
      </nav>
    </div>
  </footer>
</div>
`;
